Archive member included to satisfy reference by file (symbol)

c:/users/jack/documents/avr8-gnu-toolchain-win32_x86_64/bin/../lib/gcc/avr/7.3.0/avr5\libgcc.a(_exit.o)
                              C:/Program Files/Microchip/MPLABX/v6.00/packs/Microchip/ATmega_DFP/2.4.131/gcc/dev/atmega328p/avr5/crtatmega328p.o (exit)
c:/users/jack/documents/avr8-gnu-toolchain-win32_x86_64/bin/../lib/gcc/avr/7.3.0/avr5\libgcc.a(_copy_data.o)
                              build/default/debug/newavr-main.o (__do_copy_data)
c:/users/jack/documents/avr8-gnu-toolchain-win32_x86_64/bin/../lib/gcc/avr/7.3.0/avr5\libgcc.a(_clear_bss.o)
                              build/default/debug/newavr-main.o (__do_clear_bss)

Allocating common symbols
Common symbol       size              file

probe               0x1               build/default/debug/newavr-main.o

Discarded input sections

 .data          0x0000000000000000        0x0 C:/Program Files/Microchip/MPLABX/v6.00/packs/Microchip/ATmega_DFP/2.4.131/gcc/dev/atmega328p/avr5/crtatmega328p.o
 .bss           0x0000000000000000        0x0 C:/Program Files/Microchip/MPLABX/v6.00/packs/Microchip/ATmega_DFP/2.4.131/gcc/dev/atmega328p/avr5/crtatmega328p.o
 .text          0x0000000000000000        0x0 build/default/debug/newavr-main.o
 .data          0x0000000000000000        0x0 build/default/debug/newavr-main.o
 .bss           0x0000000000000000        0x0 build/default/debug/newavr-main.o
 .text.pinInit  0x0000000000000000       0x28 build/default/debug/newavr-main.o
 .text.joyRead  0x0000000000000000        0xc build/default/debug/newavr-main.o
 .text.cRead    0x0000000000000000       0x28 build/default/debug/newavr-main.o
 .text.trigRead
                0x0000000000000000       0x4e build/default/debug/newavr-main.o
 .bss.RTrd      0x0000000000000000        0x1 build/default/debug/newavr-main.o
 .bss.LTrd      0x0000000000000000        0x1 build/default/debug/newavr-main.o
 .text          0x0000000000000000        0x0 c:/users/jack/documents/avr8-gnu-toolchain-win32_x86_64/bin/../lib/gcc/avr/7.3.0/avr5\libgcc.a(_exit.o)
 .data          0x0000000000000000        0x0 c:/users/jack/documents/avr8-gnu-toolchain-win32_x86_64/bin/../lib/gcc/avr/7.3.0/avr5\libgcc.a(_exit.o)
 .bss           0x0000000000000000        0x0 c:/users/jack/documents/avr8-gnu-toolchain-win32_x86_64/bin/../lib/gcc/avr/7.3.0/avr5\libgcc.a(_exit.o)
 .text.libgcc.mul
                0x0000000000000000        0x0 c:/users/jack/documents/avr8-gnu-toolchain-win32_x86_64/bin/../lib/gcc/avr/7.3.0/avr5\libgcc.a(_exit.o)
 .text.libgcc.div
                0x0000000000000000        0x0 c:/users/jack/documents/avr8-gnu-toolchain-win32_x86_64/bin/../lib/gcc/avr/7.3.0/avr5\libgcc.a(_exit.o)
 .text.libgcc   0x0000000000000000        0x0 c:/users/jack/documents/avr8-gnu-toolchain-win32_x86_64/bin/../lib/gcc/avr/7.3.0/avr5\libgcc.a(_exit.o)
 .text.libgcc.prologue
                0x0000000000000000        0x0 c:/users/jack/documents/avr8-gnu-toolchain-win32_x86_64/bin/../lib/gcc/avr/7.3.0/avr5\libgcc.a(_exit.o)
 .text.libgcc.builtins
                0x0000000000000000        0x0 c:/users/jack/documents/avr8-gnu-toolchain-win32_x86_64/bin/../lib/gcc/avr/7.3.0/avr5\libgcc.a(_exit.o)
 .text.libgcc.fmul
                0x0000000000000000        0x0 c:/users/jack/documents/avr8-gnu-toolchain-win32_x86_64/bin/../lib/gcc/avr/7.3.0/avr5\libgcc.a(_exit.o)
 .text.libgcc.fixed
                0x0000000000000000        0x0 c:/users/jack/documents/avr8-gnu-toolchain-win32_x86_64/bin/../lib/gcc/avr/7.3.0/avr5\libgcc.a(_exit.o)
 .text          0x0000000000000000        0x0 c:/users/jack/documents/avr8-gnu-toolchain-win32_x86_64/bin/../lib/gcc/avr/7.3.0/avr5\libgcc.a(_copy_data.o)
 .data          0x0000000000000000        0x0 c:/users/jack/documents/avr8-gnu-toolchain-win32_x86_64/bin/../lib/gcc/avr/7.3.0/avr5\libgcc.a(_copy_data.o)
 .bss           0x0000000000000000        0x0 c:/users/jack/documents/avr8-gnu-toolchain-win32_x86_64/bin/../lib/gcc/avr/7.3.0/avr5\libgcc.a(_copy_data.o)
 .text.libgcc.mul
                0x0000000000000000        0x0 c:/users/jack/documents/avr8-gnu-toolchain-win32_x86_64/bin/../lib/gcc/avr/7.3.0/avr5\libgcc.a(_copy_data.o)
 .text.libgcc.div
                0x0000000000000000        0x0 c:/users/jack/documents/avr8-gnu-toolchain-win32_x86_64/bin/../lib/gcc/avr/7.3.0/avr5\libgcc.a(_copy_data.o)
 .text.libgcc   0x0000000000000000        0x0 c:/users/jack/documents/avr8-gnu-toolchain-win32_x86_64/bin/../lib/gcc/avr/7.3.0/avr5\libgcc.a(_copy_data.o)
 .text.libgcc.prologue
                0x0000000000000000        0x0 c:/users/jack/documents/avr8-gnu-toolchain-win32_x86_64/bin/../lib/gcc/avr/7.3.0/avr5\libgcc.a(_copy_data.o)
 .text.libgcc.builtins
                0x0000000000000000        0x0 c:/users/jack/documents/avr8-gnu-toolchain-win32_x86_64/bin/../lib/gcc/avr/7.3.0/avr5\libgcc.a(_copy_data.o)
 .text.libgcc.fmul
                0x0000000000000000        0x0 c:/users/jack/documents/avr8-gnu-toolchain-win32_x86_64/bin/../lib/gcc/avr/7.3.0/avr5\libgcc.a(_copy_data.o)
 .text.libgcc.fixed
                0x0000000000000000        0x0 c:/users/jack/documents/avr8-gnu-toolchain-win32_x86_64/bin/../lib/gcc/avr/7.3.0/avr5\libgcc.a(_copy_data.o)
 .text          0x0000000000000000        0x0 c:/users/jack/documents/avr8-gnu-toolchain-win32_x86_64/bin/../lib/gcc/avr/7.3.0/avr5\libgcc.a(_clear_bss.o)
 .data          0x0000000000000000        0x0 c:/users/jack/documents/avr8-gnu-toolchain-win32_x86_64/bin/../lib/gcc/avr/7.3.0/avr5\libgcc.a(_clear_bss.o)
 .bss           0x0000000000000000        0x0 c:/users/jack/documents/avr8-gnu-toolchain-win32_x86_64/bin/../lib/gcc/avr/7.3.0/avr5\libgcc.a(_clear_bss.o)
 .text.libgcc.mul
                0x0000000000000000        0x0 c:/users/jack/documents/avr8-gnu-toolchain-win32_x86_64/bin/../lib/gcc/avr/7.3.0/avr5\libgcc.a(_clear_bss.o)
 .text.libgcc.div
                0x0000000000000000        0x0 c:/users/jack/documents/avr8-gnu-toolchain-win32_x86_64/bin/../lib/gcc/avr/7.3.0/avr5\libgcc.a(_clear_bss.o)
 .text.libgcc   0x0000000000000000        0x0 c:/users/jack/documents/avr8-gnu-toolchain-win32_x86_64/bin/../lib/gcc/avr/7.3.0/avr5\libgcc.a(_clear_bss.o)
 .text.libgcc.prologue
                0x0000000000000000        0x0 c:/users/jack/documents/avr8-gnu-toolchain-win32_x86_64/bin/../lib/gcc/avr/7.3.0/avr5\libgcc.a(_clear_bss.o)
 .text.libgcc.builtins
                0x0000000000000000        0x0 c:/users/jack/documents/avr8-gnu-toolchain-win32_x86_64/bin/../lib/gcc/avr/7.3.0/avr5\libgcc.a(_clear_bss.o)
 .text.libgcc.fmul
                0x0000000000000000        0x0 c:/users/jack/documents/avr8-gnu-toolchain-win32_x86_64/bin/../lib/gcc/avr/7.3.0/avr5\libgcc.a(_clear_bss.o)
 .text.libgcc.fixed
                0x0000000000000000        0x0 c:/users/jack/documents/avr8-gnu-toolchain-win32_x86_64/bin/../lib/gcc/avr/7.3.0/avr5\libgcc.a(_clear_bss.o)

Memory Configuration

Name             Origin             Length             Attributes
text             0x0000000000000000 0x0000000000008000 xr
data             0x0000000000800100 0x0000000000000800 rw !x
eeprom           0x0000000000810000 0x0000000000000400 rw !x
fuse             0x0000000000820000 0x0000000000000003 rw !x
lock             0x0000000000830000 0x0000000000000400 rw !x
signature        0x0000000000840000 0x0000000000000400 rw !x
user_signatures  0x0000000000850000 0x0000000000000400 rw !x
*default*        0x0000000000000000 0xffffffffffffffff

Linker script and memory map

Address of section .data set to 0x800100
LOAD C:/Program Files/Microchip/MPLABX/v6.00/packs/Microchip/ATmega_DFP/2.4.131/gcc/dev/atmega328p/avr5/crtatmega328p.o
LOAD build/default/debug/newavr-main.o
                0x0000000000000001                __MPLAB_BUILD = 0x1
                0x0000000000000001                __ICD2RAM = 0x1
                0x0000000000000001                __MPLAB_DEBUG = 0x1
                0x0000000000000001                __DEBUG = 0x1
START GROUP
LOAD c:/users/jack/documents/avr8-gnu-toolchain-win32_x86_64/bin/../lib/gcc/avr/7.3.0/../../../../avr/lib/avr5\libm.a
END GROUP
START GROUP
LOAD c:/users/jack/documents/avr8-gnu-toolchain-win32_x86_64/bin/../lib/gcc/avr/7.3.0/avr5\libgcc.a
LOAD c:/users/jack/documents/avr8-gnu-toolchain-win32_x86_64/bin/../lib/gcc/avr/7.3.0/../../../../avr/lib/avr5\libm.a
LOAD c:/users/jack/documents/avr8-gnu-toolchain-win32_x86_64/bin/../lib/gcc/avr/7.3.0/../../../../avr/lib/avr5\libc.a
LOAD C:/Program Files/Microchip/MPLABX/v6.00/packs/Microchip/ATmega_DFP/2.4.131/gcc/dev/atmega328p/avr5\libatmega328p.a
END GROUP
                0x0000000000000000                __TEXT_REGION_ORIGIN__ = DEFINED (__TEXT_REGION_ORIGIN__)?__TEXT_REGION_ORIGIN__:0x0
                [0x0000000000800100]                __DATA_REGION_ORIGIN__ = DEFINED (__DATA_REGION_ORIGIN__)?__DATA_REGION_ORIGIN__:0x800060
                [0x0000000000008000]                __TEXT_REGION_LENGTH__ = DEFINED (__TEXT_REGION_LENGTH__)?__TEXT_REGION_LENGTH__:0x20000
                [0x0000000000000800]                __DATA_REGION_LENGTH__ = DEFINED (__DATA_REGION_LENGTH__)?__DATA_REGION_LENGTH__:0xffa0
                [0x0000000000000400]                __EEPROM_REGION_LENGTH__ = DEFINED (__EEPROM_REGION_LENGTH__)?__EEPROM_REGION_LENGTH__:0x10000
                [0x0000000000000003]                __FUSE_REGION_LENGTH__ = DEFINED (__FUSE_REGION_LENGTH__)?__FUSE_REGION_LENGTH__:0x400
                0x0000000000000400                __LOCK_REGION_LENGTH__ = DEFINED (__LOCK_REGION_LENGTH__)?__LOCK_REGION_LENGTH__:0x400
                0x0000000000000400                __SIGNATURE_REGION_LENGTH__ = DEFINED (__SIGNATURE_REGION_LENGTH__)?__SIGNATURE_REGION_LENGTH__:0x400
                0x0000000000000400                __USER_SIGNATURE_REGION_LENGTH__ = DEFINED (__USER_SIGNATURE_REGION_LENGTH__)?__USER_SIGNATURE_REGION_LENGTH__:0x400

.hash
 *(.hash)

.dynsym
 *(.dynsym)

.dynstr
 *(.dynstr)

.gnu.version
 *(.gnu.version)

.gnu.version_d
 *(.gnu.version_d)

.gnu.version_r
 *(.gnu.version_r)

.rel.init
 *(.rel.init)

.rela.init
 *(.rela.init)

.rel.text
 *(.rel.text)
 *(.rel.text.*)
 *(.rel.gnu.linkonce.t*)

.rela.text
 *(.rela.text)
 *(.rela.text.*)
 *(.rela.gnu.linkonce.t*)

.rel.fini
 *(.rel.fini)

.rela.fini
 *(.rela.fini)

.rel.rodata
 *(.rel.rodata)
 *(.rel.rodata.*)
 *(.rel.gnu.linkonce.r*)

.rela.rodata
 *(.rela.rodata)
 *(.rela.rodata.*)
 *(.rela.gnu.linkonce.r*)

.rel.data
 *(.rel.data)
 *(.rel.data.*)
 *(.rel.gnu.linkonce.d*)

.rela.data
 *(.rela.data)
 *(.rela.data.*)
 *(.rela.gnu.linkonce.d*)

.rel.ctors
 *(.rel.ctors)

.rela.ctors
 *(.rela.ctors)

.rel.dtors
 *(.rel.dtors)

.rela.dtors
 *(.rela.dtors)

.rel.got
 *(.rel.got)

.rela.got
 *(.rela.got)

.rel.bss
 *(.rel.bss)

.rela.bss
 *(.rela.bss)

.rel.plt
 *(.rel.plt)

.rela.plt
 *(.rela.plt)

.text           0x0000000000000000      0x2a4
 *(.vectors)
 .vectors       0x0000000000000000       0x68 C:/Program Files/Microchip/MPLABX/v6.00/packs/Microchip/ATmega_DFP/2.4.131/gcc/dev/atmega328p/avr5/crtatmega328p.o
                0x0000000000000000                __vector_default
                0x0000000000000000                __vectors
 *(.vectors)
 *(.progmem.gcc*)
                0x0000000000000068                . = ALIGN (0x2)
                0x0000000000000068                __trampolines_start = .
 *(.trampolines)
 .trampolines   0x0000000000000068        0x0 linker stubs
 *(.trampolines*)
                0x0000000000000068                __trampolines_end = .
 *libprintf_flt.a:*(.progmem.data)
 *libc.a:*(.progmem.data)
 *(.progmem*)
                0x0000000000000068                . = ALIGN (0x2)
 *(.jumptables)
 *(.jumptables*)
 *(.lowtext)
 *(.lowtext*)
                0x0000000000000068                __ctors_start = .
 *(.ctors)
                0x0000000000000068                __ctors_end = .
                0x0000000000000068                __dtors_start = .
 *(.dtors)
                0x0000000000000068                __dtors_end = .
 SORT(*)(.ctors)
 SORT(*)(.dtors)
 *(.init0)
 .init0         0x0000000000000068        0x0 C:/Program Files/Microchip/MPLABX/v6.00/packs/Microchip/ATmega_DFP/2.4.131/gcc/dev/atmega328p/avr5/crtatmega328p.o
                0x0000000000000068                __init
 *(.init0)
 *(.init1)
 *(.init1)
 *(.init2)
 .init2         0x0000000000000068        0xc C:/Program Files/Microchip/MPLABX/v6.00/packs/Microchip/ATmega_DFP/2.4.131/gcc/dev/atmega328p/avr5/crtatmega328p.o
 *(.init2)
 *(.init3)
 *(.init3)
 *(.init4)
 .init4         0x0000000000000074       0x16 c:/users/jack/documents/avr8-gnu-toolchain-win32_x86_64/bin/../lib/gcc/avr/7.3.0/avr5\libgcc.a(_copy_data.o)
                0x0000000000000074                __do_copy_data
 .init4         0x000000000000008a       0x10 c:/users/jack/documents/avr8-gnu-toolchain-win32_x86_64/bin/../lib/gcc/avr/7.3.0/avr5\libgcc.a(_clear_bss.o)
                0x000000000000008a                __do_clear_bss
 *(.init4)
 *(.init5)
 *(.init5)
 *(.init6)
 *(.init6)
 *(.init7)
 *(.init7)
 *(.init8)
 *(.init8)
 *(.init9)
 .init9         0x000000000000009a        0x8 C:/Program Files/Microchip/MPLABX/v6.00/packs/Microchip/ATmega_DFP/2.4.131/gcc/dev/atmega328p/avr5/crtatmega328p.o
 *(.init9)
 *(.text)
 .text          0x00000000000000a2        0x4 C:/Program Files/Microchip/MPLABX/v6.00/packs/Microchip/ATmega_DFP/2.4.131/gcc/dev/atmega328p/avr5/crtatmega328p.o
                0x00000000000000a2                __vector_22
                0x00000000000000a2                __vector_1
                0x00000000000000a2                __vector_24
                0x00000000000000a2                __vector_12
                0x00000000000000a2                __bad_interrupt
                0x00000000000000a2                __vector_6
                0x00000000000000a2                __vector_3
                0x00000000000000a2                __vector_23
                0x00000000000000a2                __vector_25
                0x00000000000000a2                __vector_11
                0x00000000000000a2                __vector_13
                0x00000000000000a2                __vector_17
                0x00000000000000a2                __vector_19
                0x00000000000000a2                __vector_7
                0x00000000000000a2                __vector_5
                0x00000000000000a2                __vector_4
                0x00000000000000a2                __vector_9
                0x00000000000000a2                __vector_2
                0x00000000000000a2                __vector_21
                0x00000000000000a2                __vector_15
                0x00000000000000a2                __vector_8
                0x00000000000000a2                __vector_14
                0x00000000000000a2                __vector_10
                0x00000000000000a2                __vector_16
                0x00000000000000a2                __vector_20
                0x00000000000000a6                . = ALIGN (0x2)
 *(.text.*)
 .text.uartSend
                0x00000000000000a6       0x14 build/default/debug/newavr-main.o
                0x00000000000000a6                uartSend
 .text.readChar
                0x00000000000000ba       0x12 build/default/debug/newavr-main.o
                0x00000000000000ba                readChar
 .text.uart_init
                0x00000000000000cc       0x1c build/default/debug/newavr-main.o
                0x00000000000000cc                uart_init
 .text.sendOrigin
                0x00000000000000e8       0x3e build/default/debug/newavr-main.o
                0x00000000000000e8                sendOrigin
 .text.sendInputs
                0x0000000000000126       0x40 build/default/debug/newavr-main.o
                0x0000000000000126                sendInputs
 .text.readInput
                0x0000000000000166       0x9e build/default/debug/newavr-main.o
                0x0000000000000166                readInput
 .text.main     0x0000000000000204        0xc build/default/debug/newavr-main.o
                0x0000000000000204                main
 .text.__vector_18
                0x0000000000000210       0x90 build/default/debug/newavr-main.o
                0x0000000000000210                __vector_18
                0x00000000000002a0                . = ALIGN (0x2)
 *(.fini9)
 .fini9         0x00000000000002a0        0x0 c:/users/jack/documents/avr8-gnu-toolchain-win32_x86_64/bin/../lib/gcc/avr/7.3.0/avr5\libgcc.a(_exit.o)
                0x00000000000002a0                _exit
                0x00000000000002a0                exit
 *(.fini9)
 *(.fini8)
 *(.fini8)
 *(.fini7)
 *(.fini7)
 *(.fini6)
 *(.fini6)
 *(.fini5)
 *(.fini5)
 *(.fini4)
 *(.fini4)
 *(.fini3)
 *(.fini3)
 *(.fini2)
 *(.fini2)
 *(.fini1)
 *(.fini1)
 *(.fini0)
 .fini0         0x00000000000002a0        0x4 c:/users/jack/documents/avr8-gnu-toolchain-win32_x86_64/bin/../lib/gcc/avr/7.3.0/avr5\libgcc.a(_exit.o)
 *(.fini0)
                0x00000000000002a4                _etext = .

.data           0x0000000000800100        0x6 load address 0x00000000000002a4
                0x0000000000800100                PROVIDE (__data_start, .)
 *(.data)
 *(.data*)
 .data.CY       0x0000000000800100        0x1 build/default/debug/newavr-main.o
                0x0000000000800100                CY
 .data.CX       0x0000000000800101        0x1 build/default/debug/newavr-main.o
                0x0000000000800101                CX
 .data.JY       0x0000000000800102        0x1 build/default/debug/newavr-main.o
                0x0000000000800102                JY
 .data.JX       0x0000000000800103        0x1 build/default/debug/newavr-main.o
                0x0000000000800103                JX
 .data.side     0x0000000000800104        0x1 build/default/debug/newavr-main.o
                0x0000000000800104                side
 *(.gnu.linkonce.d*)
 *(.rodata)
 *(.rodata*)
 *(.gnu.linkonce.r*)
                0x0000000000800106                . = ALIGN (0x2)
 *fill*         0x0000000000800105        0x1 
                0x0000000000800106                _edata = .
                0x0000000000800106                PROVIDE (__data_end, .)

.bss            0x0000000000800106        0x3
                0x0000000000800106                PROVIDE (__bss_start, .)
 *(.bss)
 *(.bss*)
 .bss.LTr       0x0000000000800106        0x1 build/default/debug/newavr-main.o
                0x0000000000800106                LTr
 .bss.face      0x0000000000800107        0x1 build/default/debug/newavr-main.o
                0x0000000000800107                face
 *(COMMON)
 COMMON         0x0000000000800108        0x1 build/default/debug/newavr-main.o
                0x0000000000800108                probe
                0x0000000000800109                PROVIDE (__bss_end, .)
                0x00000000000002a4                __data_load_start = LOADADDR (.data)
                0x00000000000002aa                __data_load_end = (__data_load_start + SIZEOF (.data))

.noinit         0x0000000000800109        0x0
                [!provide]                        PROVIDE (__noinit_start, .)
 *(.noinit*)
                [!provide]                        PROVIDE (__noinit_end, .)
                0x0000000000800109                _end = .
                [!provide]                        PROVIDE (__heap_start, .)

.eeprom         0x0000000000810000        0x0
 *(.eeprom*)
                0x0000000000810000                __eeprom_end = .

.fuse
 *(.fuse)
 *(.lfuse)
 *(.hfuse)
 *(.efuse)

.lock
 *(.lock*)

.signature
 *(.signature*)

.user_signatures
 *(.user_signatures*)

.stab
 *(.stab)

.stabstr
 *(.stabstr)

.stab.excl
 *(.stab.excl)

.stab.exclstr
 *(.stab.exclstr)

.stab.index
 *(.stab.index)

.stab.indexstr
 *(.stab.indexstr)

.comment        0x0000000000000000       0x30
 *(.comment)
 .comment       0x0000000000000000       0x30 build/default/debug/newavr-main.o
                                         0x31 (size before relaxing)

.note.gnu.avr.deviceinfo
                0x0000000000000000       0x40
 .note.gnu.avr.deviceinfo
                0x0000000000000000       0x40 C:/Program Files/Microchip/MPLABX/v6.00/packs/Microchip/ATmega_DFP/2.4.131/gcc/dev/atmega328p/avr5/crtatmega328p.o

.note.gnu.build-id
 *(.note.gnu.build-id)

.debug
 *(.debug)

.line
 *(.line)

.debug_srcinfo
 *(.debug_srcinfo)

.debug_sfnames
 *(.debug_sfnames)

.debug_aranges  0x0000000000000000       0x78
 *(.debug_aranges)
 .debug_aranges
                0x0000000000000000       0x78 build/default/debug/newavr-main.o

.debug_pubnames
 *(.debug_pubnames)

.debug_info     0x0000000000000000      0xaa2
 *(.debug_info .gnu.linkonce.wi.*)
 .debug_info    0x0000000000000000      0x5f4 C:/Program Files/Microchip/MPLABX/v6.00/packs/Microchip/ATmega_DFP/2.4.131/gcc/dev/atmega328p/avr5/crtatmega328p.o
 .debug_info    0x00000000000005f4      0x4ae build/default/debug/newavr-main.o

.debug_abbrev   0x0000000000000000      0x766
 *(.debug_abbrev)
 .debug_abbrev  0x0000000000000000      0x5a2 C:/Program Files/Microchip/MPLABX/v6.00/packs/Microchip/ATmega_DFP/2.4.131/gcc/dev/atmega328p/avr5/crtatmega328p.o
 .debug_abbrev  0x00000000000005a2      0x1c4 build/default/debug/newavr-main.o

.debug_line     0x0000000000000000      0x523
 *(.debug_line .debug_line.* .debug_line_end)
 .debug_line    0x0000000000000000      0x134 C:/Program Files/Microchip/MPLABX/v6.00/packs/Microchip/ATmega_DFP/2.4.131/gcc/dev/atmega328p/avr5/crtatmega328p.o
 .debug_line    0x0000000000000134      0x3ef build/default/debug/newavr-main.o

.debug_frame    0x0000000000000000      0x11c
 *(.debug_frame)
 .debug_frame   0x0000000000000000      0x11c build/default/debug/newavr-main.o

.debug_str      0x0000000000000000      0x3d4
 *(.debug_str)
 .debug_str     0x0000000000000000      0x208 C:/Program Files/Microchip/MPLABX/v6.00/packs/Microchip/ATmega_DFP/2.4.131/gcc/dev/atmega328p/avr5/crtatmega328p.o
 .debug_str     0x0000000000000208      0x1cc build/default/debug/newavr-main.o
                                        0x205 (size before relaxing)

.debug_loc      0x0000000000000000       0xea
 *(.debug_loc)
 .debug_loc     0x0000000000000000       0xea build/default/debug/newavr-main.o

.debug_macinfo
 *(.debug_macinfo)

.debug_weaknames
 *(.debug_weaknames)

.debug_funcnames
 *(.debug_funcnames)

.debug_typenames
 *(.debug_typenames)

.debug_varnames
 *(.debug_varnames)

.debug_pubtypes
 *(.debug_pubtypes)

.debug_ranges   0x0000000000000000       0x68
 *(.debug_ranges)
 .debug_ranges  0x0000000000000000       0x68 build/default/debug/newavr-main.o

.debug_macro
 *(.debug_macro)
OUTPUT(dist/default/debug/katBoxx.X.debug.elf elf32-avr)
LOAD linker stubs
